19:45 [Graphify] graphify update . ...
19:45 [Graphify] graphify update OK.
19:45 [Graphify] gen-folder-tree.py ...
19:45 [Graphify] graphify-out tracked — git add.
19:45 [Graphify] selesai.
19:45 [Git] Tidak ada perubahan, skip.
19:53 [Graphify] graphify update . ...
19:53 [Graphify] graphify update OK.
19:53 [Graphify] gen-folder-tree.py ...
19:53 [Graphify] graphify-out tracked — git add.
19:53 [Graphify] selesai.
To https://github.com/iforeman-rich/core.git
   5a34017..4f0f1fd  main -> main
19:54 [Git] Push berhasil: auto: 2026-09-27 19:53
20:13 [Graphify] graphify update . ...
20:13 [Graphify] graphify update OK.
20:13 [Graphify] gen-folder-tree.py ...
20:13 [Graphify] graphify-out tracked — git add.
20:13 [Graphify] selesai.
To https://github.com/iforeman-rich/core.git
   bea3ce2..f3b70c3  main -> main
20:13 [Git] Push berhasil: auto: 2026-09-27 20:13
20:13 [Graphify] graphify update . ...
20:13 [Graphify] graphify update OK.
20:13 [Graphify] gen-folder-tree.py ...
20:13 [Graphify] graphify-out tracked — git add.
20:13 [Graphify] selesai.
To https://github.com/iforeman-rich/core.git
   f3b70c3..e435a14  main -> main
20:13 [Git] Push berhasil: auto: 2026-09-28 20:13
19:08 [Graphify] graphify update . ...
19:08 [Graphify] graphify update OK.
19:08 [Graphify] gen-folder-tree.py ...
19:08 [Graphify] graphify-out tracked — git add.
19:08 [Graphify] selesai.
To https://github.com/iforeman-rich/core.git
   e435a14..29021c4  main -> main
19:08 [Git] Push berhasil: auto: 2026-10-01 19:08
19:41 [Graphify] graphify update . ...
19:41 [Graphify] graphify update OK.
19:41 [Graphify] gen-folder-tree.py ...
19:41 [Graphify] graphify-out tracked — git add.
19:41 [Graphify] selesai.
